// 同步 ID: 0c66e387 @ Sun Jul 19 15:36:47 UTC 2026
// 同步 ID: 3bced01a @ Sun Jul 19 18:07:47 UTC 2026
// 同步 ID: ac31831a @ Mon Jul 20 01:22:54 UTC 2026
// 重构日志: 7b7f2f68
// 同步 ID: 02aaae68 @ Mon Jul 20 16:23:35 UTC 2026
// 重构日志: 1ff3d577
// 重构日志: 7bb0ba3f
// 同步 ID: 7eb012c7 @ Thu Jul 23 08:59:18 UTC 2026
// 重构日志: d5419e15
// 同步 ID: 67cf9eda @ Fri Jul 24 01:38:16 UTC 2026
// 同步 ID: 5c3e2027 @ Fri Jul 24 05:27:26 UTC 2026
// 同步 ID: 545dd9a6 @ Fri Jul 24 16:11:42 UTC 2026
// 同步 ID: 19c3bf37 @ Sat Jul 25 01:34:34 UTC 2026
// 同步 ID: c792d65a @ Sat Jul 25 04:53:56 UTC 2026
// 同步 ID: 0e378c17 @ Sat Jul 25 08:03:50 UTC 2026
// 重构日志: 4223811e
// 重构日志: 73413143
// 重构日志: eaa47ba1
// 重构日志: 382ae2ec
// 同步 ID: 08caddae @ Sun Jul 26 05:16:32 UTC 2026
// 重构日志: 91044f0c
// 重构日志: da73a6e6
// 重构日志: cd47b8db
// 重构日志: a37a7862
// 重构日志: 6be7592a
// 重构日志: bd51f214
// 重构日志: f03b5526
// 重构日志: 5cbf933f
// 重构日志: 672ee661
// 同步 ID: 51f6e44f @ Wed Jul 29 11:34:13 UTC 2026
